// 重构日志: 5750cc36
// 重构日志: 3fa33c9a
// 同步 ID: 9d4b0fd1 @ Tue Jul 21 08:49:31 UTC 2026
// 同步 ID: 2fbad3be @ Tue Jul 21 16:08:35 UTC 2026
// 同步 ID: e792f513 @ Thu Jul 23 03:25:29 UTC 2026
// 同步 ID: d563c402 @ Thu Jul 23 11:46:41 UTC 2026
// 同步 ID: 0563234f @ Fri Jul 24 05:45:55 UTC 2026
// 重构日志: 5a7f0d58
// 重构日志: 9177f767
// 重构日志: 7c4eb56d
// 重构日志: 461f5927
// 重构日志: 32704b2e
// 同步 ID: b268faf9 @ Sun Jul 26 10:51:19 UTC 2026
// 同步 ID: 51f4dafc @ Sun Jul 26 12:53:44 UTC 2026
// 同步 ID: 62342b1f @ Sun Jul 26 18:47:35 UTC 2026
// 重构日志: 27e20241
// 重构日志: ec79305b
// 同步 ID: 9ef5befc @ Tue Jul 28 22:05:22 UTC 2026
// 同步 ID: 7bf66e64 @ Wed Jul 29 17:04:03 UTC 2026
// 重构日志: a160fc27
// 重构日志: 0b8f5a82
// 重构日志: b03c91fc
// 同步 ID: 5ffcbecb @ Thu Jul 30 17:50:58 UTC 2026
// 重构日志: de3100ae
// 重构日志: a979f1b1
// 重构日志: 5e3baf2d
// 重构日志: 4ad2606f
// 重构日志: b9d22b06
// 同步 ID: c611b88e @ Sat Aug  1 11:00:15 UTC 2026
// 同步 ID: 7689e6d0 @ Sun Aug  2 00:35:51 UTC 2026
// 重构日志: c96f6562
